RawFileName,Median MS2 IT,Median Sum SN,Median Ion Flux,Suggested SN Cutoff,Suggested Max IT,Carrier Proteome Level,SN Adjustment,Max IT Adjustment,Slope,yIntercept
20191005_Lum3_OBJ39421_QLSCOUT_SCOPE_20xCarrier_5e5_750ms_8x_05_400pg_Fig.3,750,1592.83,2.21,330,300,20,1.2,1.5,10.64,111.17
